time="<time>" level=fatal msg="while checking if 'owners' checker is satisfied: repository gh-codeowners/private-repo not found, or it's private and token doesn't have enough permission"
