time="<time>" level=fatal msg="while checking if 'owners' checker is satisfied: missing scopes: \"read:org\""
