time="<time>" level=fatal msg="while loading config for owners: envconfig: keys GITHUB_ACCESSTOKEN, GITHUB_ACCESS_TOKEN, github_access_token, github_accesstoken not found"
