==> Executing File Exist Checker (<duration>)
    Check OK

1 check(s) executed, no failure(s)
