==> Executing File Exist Checker (<duration>)
    [err] line 13: "/this-folder-does-not-exits/really" does not match any files in repository

1 check(s) executed, 1 failure(s)
