==> Executing [Experimental] Not Owned File Checker (<duration>)
    [err] Found 1 not owned files (skipped patterns: "*"):
            * notowned/dir/example/sample.txt

1 check(s) executed, 1 failure(s)
