==> Executing [Experimental] Not Owned File Checker (<duration>)
    [err] Found 3 not owned files (skipped patterns: "*"):
            * .gitignore
            * CODEOWNERS
            * action.yml

1 check(s) executed, 1 failure(s)
