==> Executing [Experimental] Avoid Shadowing Checker (<duration>)
    Check OK

1 check(s) executed, no failure(s)
